2026-07-10 20:09:42 - INFO - ============================================================
2026-07-10 20:09:42 - INFO - Instagram DM Export → Markdown Sync Started
2026-07-10 20:09:42 - INFO - ============================================================
2026-07-10 20:09:42 - INFO - ✓ Loaded message_1.html (1,855,151 bytes)
2026-07-10 20:09:42 - INFO - Loaded state: 0 already synced
2026-07-10 20:09:42 - INFO - Found 1219 shared reels
2026-07-10 20:09:42 - DEBUG -   ✓ Created markdown note 2021 Energy 🧡.md
2026-07-10 20:09:42 - DEBUG -   ✓ Created markdown note Si tu devais faire un choix entre le flow et la technique, quesque tu choisirais.md
2026-07-10 20:09:42 - DEBUG -   ✓ Created markdown note YOU KNOW AFRICANS HAVE TO SWITCH IT UP! SO I MADE THIS! 🔊🔥🎚🇳🇬#BUSSITAFROCHALLENG.md
2026-07-10 20:09:42 - DEBUG -   ✓ Created markdown note #turnitupchallenge.md
2026-07-10 20:09:42 - DEBUG -   ✓ Created markdown note The lil girl 😭.md
2026-07-10 20:09:42 - INFO - ============================================================
2026-07-10 20:09:42 - INFO - Sync complete: 5 new | 0 skipped | 1219 total | 0 errors
2026-07-10 20:09:42 - INFO - ============================================================
2026-07-10 20:11:11 - INFO - ============================================================
2026-07-10 20:11:11 - INFO - Instagram DM Export → Markdown Sync Started
2026-07-10 20:11:11 - INFO - ============================================================
2026-07-10 20:11:11 - INFO - ✓ Loaded message_1.html (1,855,151 bytes)
2026-07-10 20:11:11 - INFO - Loaded state: 0 already synced
2026-07-10 20:11:11 - INFO - Found 1219 shared reels
2026-07-10 20:11:11 - DEBUG -   ✓ Created markdown note 2021 Energy 🧡.md
2026-07-10 20:11:11 - DEBUG -   ✓ Created markdown note Si tu devais faire un choix entre le flow et la technique, quesque tu choisirais.md
2026-07-10 20:11:11 - DEBUG -   ✓ Created markdown note YOU KNOW AFRICANS HAVE TO SWITCH IT UP! SO I MADE THIS! 🔊🔥🎚🇳🇬#BUSSITAFROCHALLENG.md
2026-07-10 20:11:11 - DEBUG -   ✓ Created markdown note #turnitupchallenge.md
2026-07-10 20:11:11 - DEBUG -   ✓ Created markdown note The lil girl 😭.md
2026-07-10 20:11:11 - INFO - ============================================================
2026-07-10 20:11:11 - INFO - Sync complete: 5 new | 0 skipped | 1219 total | 0 errors
2026-07-10 20:11:11 - INFO - ============================================================
2026-07-10 20:13:36 - INFO - ============================================================
2026-07-10 20:13:36 - INFO - Instagram DM Export → Markdown Sync Started
2026-07-10 20:13:36 - INFO - ============================================================
2026-07-10 20:13:36 - INFO - ✓ Loaded message_1.html (1,855,151 bytes)
2026-07-10 20:13:36 - INFO - Loaded state: 0 already synced
2026-07-10 20:13:36 - INFO - Found 1703 shared posts/reels
2026-07-10 20:13:36 - DEBUG -   ✓ Created markdown note theaifield-Daf_08_jF7z.md
2026-07-10 20:13:36 - DEBUG -   ✓ Created markdown note theaifield-DalUVOBjD00.md
2026-07-10 20:13:36 - DEBUG -   ✓ Created markdown note Coding becomes easy when your logic becomes strong.md
2026-07-10 20:13:36 - DEBUG -   ✓ Created markdown note A curated collection of everything you need to build the scaffolding that makes.md
2026-07-10 20:13:36 - DEBUG -   ✓ Created markdown note divyannshisharma-DaiXvIEkrar.md
2026-07-10 20:13:36 - INFO - ============================================================
2026-07-10 20:13:36 - INFO - Sync complete: 5 new | 0 skipped | 1703 total | 0 errors
2026-07-10 20:13:36 - INFO - ============================================================
2026-07-10 20:14:04 - INFO - ============================================================
2026-07-10 20:14:04 - INFO - Instagram DM Export → Markdown Sync Started
2026-07-10 20:14:04 - INFO - ============================================================
2026-07-10 20:14:04 - INFO - ✓ Loaded message_1.html (1,855,151 bytes)
2026-07-10 20:14:04 - INFO - Loaded state: 0 already synced
2026-07-10 20:14:04 - INFO - Found 1703 shared posts/reels
2026-07-10 20:14:04 - DEBUG -   ✓ Created markdown note theaifield-Daf_08_jF7z.md
2026-07-10 20:14:04 - DEBUG -   ✓ Created markdown note theaifield-DalUVOBjD00.md
2026-07-10 20:14:04 - DEBUG -   ✓ Created markdown note Coding becomes easy when your logic becomes strong.md
2026-07-10 20:14:04 - DEBUG -   ✓ Created markdown note A curated collection of everything you need to build the scaffolding that makes.md
2026-07-10 20:14:04 - DEBUG -   ✓ Created markdown note divyannshisharma-DaiXvIEkrar.md
2026-07-10 20:14:04 - INFO - ============================================================
2026-07-10 20:14:04 - INFO - Sync complete: 5 new | 0 skipped | 1703 total | 0 errors
2026-07-10 20:14:04 - INFO - ============================================================
